........................................................................ [ 20%]
........................................................................ [ 40%]
........................................................................ [ 61%]
........................................................................ [ 81%]
................................................................         [100%]
352 passed in 3.88s
